<!DOCTYPE HTML>
<html>
  <head>
    <meta charset="utf-8">
    <title>Test</title>
  </head>

  <body>
    <h1>grunt-doctype</h1>
  </body>
</html>
